// Jest Snapshot v1, https://goo.gl/fbAQLP

exports[`findMoviesByTitle should return an array of movie objects 1`] = `
Array [
  🐬 Flipper,
]
`;
